{
    "key1": null,
    "key2": null,
    "key3": null,

    "key5": "value2",
    "key6": "value1",
    "key7": "value1",
    "key8": "value1",

    "key10": "value1",
    "key11": null,


    "key12": null,


    "key13": {

    },



    "key15": {
        "foo": "zip"
    },
    "key16": {
        "foo": "bar"
    },
    "key17": {
        "foo": "bar"
    },
    "key18": {
        "foo": "bar"
    },



    "key20": {
        "foo": "bar"
    },
    "key21": null,
    "key22": null,
    "key23": null,

    "key25": 2,
    "key26": 1,
    "key27": 1,
    "key28": 1,

    "key30": 1



}